[2025-08-21T21:58:51.902Z] ❌ Error verificando/cerrando TP: You need to pass an API key and secret to make authenticated calls.
[2025-08-21T21:58:51.907Z] ❌ Error al verificar posición abierta: You need to pass an API key and secret to make authenticated calls.
[2025-08-21T21:59:21.902Z] ❌ Error verificando/cerrando TP: You need to pass an API key and secret to make authenticated calls.
[2025-08-21T21:59:21.903Z] ❌ Error al verificar posición abierta: You need to pass an API key and secret to make authenticated calls.
[2025-08-21T21:59:51.903Z] ❌ Error verificando/cerrando TP: You need to pass an API key and secret to make authenticated calls.
[2025-08-21T21:59:51.904Z] ❌ Error al verificar posición abierta: You need to pass an API key and secret to make authenticated calls.
[2025-08-21T22:00:21.896Z] ❌ Error verificando/cerrando TP: You need to pass an API key and secret to make authenticated calls.
[2025-08-21T22:00:21.897Z] ❌ Error al verificar posición abierta: You need to pass an API key and secret to make authenticated calls.
[2025-08-21T22:00:51.896Z] ❌ Error verificando/cerrando TP: You need to pass an API key and secret to make authenticated calls.
[2025-08-21T22:00:51.897Z] ❌ Error al verificar posición abierta: You need to pass an API key and secret to make authenticated calls.
[2025-08-21T22:01:21.895Z] ❌ Error verificando/cerrando TP: You need to pass an API key and secret to make authenticated calls.
[2025-08-21T22:01:21.896Z] ❌ Error al verificar posición abierta: You need to pass an API key and secret to make authenticated calls.
[2025-08-21T22:02:02.223Z] ❌ Error verificando/cerrando TP: Invalid API-key, IP, or permissions for action, request ip: 201.105.14.74
[2025-08-21T22:02:02.492Z] ❌ Error al verificar posición abierta: Invalid API-key, IP, or permissions for action, request ip: 201.105.14.74
[2025-08-21T22:02:50.563Z] ❌ Error verificando/cerrando TP: Invalid API-key, IP, or permissions for action, request ip: 201.105.14.74
[2025-08-21T22:02:50.817Z] ❌ Error al verificar posición abierta: Invalid API-key, IP, or permissions for action, request ip: 201.105.14.74
[2025-08-21T22:03:20.437Z] ❌ Error verificando/cerrando TP: Invalid API-key, IP, or permissions for action, request ip: 201.105.14.74
[2025-08-21T22:03:21.131Z] ❌ Error al verificar posición abierta: Invalid API-key, IP, or permissions for action, request ip: 201.105.14.74
[2025-08-21T22:03:50.742Z] ❌ Error verificando/cerrando TP: Invalid API-key, IP, or permissions for action, request ip: 201.105.14.74
[2025-08-21T22:03:51.318Z] ❌ Error al verificar posición abierta: Invalid API-key, IP, or permissions for action, request ip: 201.105.14.74
[2025-08-21T22:04:25.953Z] ❌ Error verificando/cerrando TP: Invalid API-key, IP, or permissions for action, request ip: 201.105.14.74
[2025-08-21T22:04:26.205Z] ❌ Error al verificar posición abierta: Invalid API-key, IP, or permissions for action, request ip: 201.105.14.74
[2025-08-21T22:07:47.997Z] 🔔 Ejecutando LONG XRPUSDT con qty=0.2 @ ~2.8775
[2025-08-21T22:07:48.208Z] ❌ Error ejecutando orden LONG: Order's notional must be no smaller than 5 (unless you choose reduce only).
[2025-08-21T22:13:39.516Z] 🔔 Ejecutando LONG XRPUSDT con qty=0.2 @ ~2.88308092
[2025-08-21T22:13:39.720Z] ❌ Error ejecutando orden LONG: Order's notional must be no smaller than 5 (unless you choose reduce only).
[2025-08-21T22:39:01.818Z] 🔔 Ejecutando LONG XRPUSDT con qty=0.2 @ ~2.8753
[2025-08-21T22:39:02.024Z] ❌ Error ejecutando orden LONG: Order's notional must be no smaller than 5 (unless you choose reduce only).
[2025-08-21T22:46:01.614Z] 🔔 Ejecutando LONG XRPUSDT con qty=0.2 @ ~2.86965627
[2025-08-21T22:46:01.832Z] ❌ Error ejecutando orden LONG: Order's notional must be no smaller than 5 (unless you choose reduce only).
[2025-08-21T22:46:46.685Z] 🔔 Ejecutando LONG XRPUSDT con qty=0.2 @ ~2.8708
[2025-08-21T22:46:46.888Z] ❌ Error ejecutando orden LONG: Order's notional must be no smaller than 5 (unless you choose reduce only).
[2025-08-21T22:47:01.592Z] 🔔 Ejecutando LONG XRPUSDT con qty=0.2 @ ~2.87080355
[2025-08-21T22:47:01.793Z] ❌ Error ejecutando orden LONG: Order's notional must be no smaller than 5 (unless you choose reduce only).
[2025-08-21T23:02:46.572Z] 🔔 Ejecutando LONG XRPUSDT con qty=0.2 @ ~2.86995759
[2025-08-21T23:02:46.772Z] ❌ Error ejecutando orden LONG: Order's notional must be no smaller than 5 (unless you choose reduce only).
[2025-08-21T23:03:01.617Z] 🔔 Ejecutando LONG XRPUSDT con qty=0.2 @ ~2.86901022
[2025-08-21T23:03:01.819Z] ❌ Error ejecutando orden LONG: Order's notional must be no smaller than 5 (unless you choose reduce only).
[2025-08-21T23:07:01.602Z] 🔔 Ejecutando LONG XRPUSDT con qty=0.2 @ ~2.8615
[2025-08-21T23:07:01.800Z] ❌ Error ejecutando orden LONG: Order's notional must be no smaller than 5 (unless you choose reduce only).
[2025-08-21T23:11:01.623Z] 🔔 Ejecutando LONG XRPUSDT con qty=0.2 @ ~2.8567
[2025-08-21T23:11:01.827Z] ❌ Error ejecutando orden LONG: Order's notional must be no smaller than 5 (unless you choose reduce only).
[2025-08-21T23:16:01.620Z] 🔔 Ejecutando LONG XRPUSDT con qty=0.2 @ ~2.8595
[2025-08-21T23:16:01.820Z] ❌ Error ejecutando orden LONG: Order's notional must be no smaller than 5 (unless you choose reduce only).
[2025-08-21T23:18:05.318Z] ❌ Error verificando/cerrando TP: Invalid API-key, IP, or permissions for action
[2025-08-21T23:18:05.519Z] ❌ Error al verificar posición abierta: Invalid API-key, IP, or permissions for action
[2025-08-21T23:20:09.768Z] ❌ Error verificando/cerrando TP: Invalid API-key, IP, or permissions for action
[2025-08-21T23:20:09.975Z] ❌ Error al verificar posición abierta: Invalid API-key, IP, or permissions for action
[2025-08-21T23:21:05.289Z] ❌ Error verificando/cerrando TP: Invalid API-key, IP, or permissions for action
[2025-08-21T23:21:05.537Z] ❌ Error al verificar posición abierta: Invalid API-key, IP, or permissions for action
[2025-08-21T23:21:47.439Z] ❌ Error verificando/cerrando TP: Invalid API-key, IP, or permissions for action
[2025-08-21T23:21:47.646Z] ❌ Error al verificar posición abierta: Invalid API-key, IP, or permissions for action
[2025-08-21T23:22:05.284Z] ❌ Error verificando/cerrando TP: Invalid API-key, IP, or permissions for action
[2025-08-21T23:22:05.548Z] ❌ Error al verificar posición abierta: Invalid API-key, IP, or permissions for action
[2025-08-21T23:23:05.323Z] ❌ Error verificando/cerrando TP: Invalid API-key, IP, or permissions for action
[2025-08-21T23:23:05.575Z] ❌ Error al verificar posición abierta: Invalid API-key, IP, or permissions for action
[2025-08-21T23:24:05.256Z] ❌ Error verificando/cerrando TP: Invalid API-key, IP, or permissions for action
[2025-08-21T23:24:05.515Z] ❌ Error al verificar posición abierta: Invalid API-key, IP, or permissions for action
[2025-08-21T23:25:05.298Z] ❌ Error verificando/cerrando TP: Invalid API-key, IP, or permissions for action
[2025-08-21T23:25:05.543Z] ❌ Error al verificar posición abierta: Invalid API-key, IP, or permissions for action
[2025-08-21T23:25:26.855Z] ❌ Error verificando/cerrando TP: Invalid API-key, IP, or permissions for action
[2025-08-21T23:25:27.103Z] ❌ Error al verificar posición abierta: Invalid API-key, IP, or permissions for action
[2025-08-21T23:26:05.490Z] ❌ Error verificando/cerrando TP: Invalid API-key, IP, or permissions for action
[2025-08-21T23:26:05.738Z] ❌ Error al verificar posición abierta: Invalid API-key, IP, or permissions for action
[2025-08-21T23:26:40.317Z] ❌ Error verificando/cerrando TP: Invalid API-key, IP, or permissions for action
[2025-08-21T23:26:40.510Z] ❌ Error al verificar posición abierta: Invalid API-key, IP, or permissions for action
[2025-08-21T23:27:05.284Z] ❌ Error verificando/cerrando TP: Invalid API-key, IP, or permissions for action
[2025-08-21T23:27:05.545Z] ❌ Error al verificar posición abierta: Invalid API-key, IP, or permissions for action
[2025-08-21T23:27:25.444Z] ❌ Error verificando/cerrando TP: Invalid API-key, IP, or permissions for action
[2025-08-21T23:27:25.689Z] ❌ Error al verificar posición abierta: Invalid API-key, IP, or permissions for action
[2025-08-21T23:27:51.282Z] ❌ Error verificando/cerrando TP: You need to pass an API key and secret to make authenticated calls.
[2025-08-21T23:27:51.283Z] ❌ Error al verificar posición abierta: You need to pass an API key and secret to make authenticated calls.
[2025-08-21T23:27:51.283Z] ❌ Error al verificar posición abierta: You need to pass an API key and secret to make authenticated calls.
[2025-08-21T23:28:00.017Z] ❌ Error verificando/cerrando TP: You need to pass an API key and secret to make authenticated calls.
[2025-08-21T23:28:00.019Z] ❌ Error al verificar posición abierta: You need to pass an API key and secret to make authenticated calls.
[2025-08-21T23:28:00.019Z] ❌ Error al verificar posición abierta: You need to pass an API key and secret to make authenticated calls.
[2025-08-21T23:28:15.009Z] ❌ Error verificando/cerrando TP: You need to pass an API key and secret to make authenticated calls.
[2025-08-21T23:28:15.009Z] ❌ Error al verificar posición abierta: You need to pass an API key and secret to make authenticated calls.
[2025-08-21T23:28:15.009Z] ❌ Error al verificar posición abierta: You need to pass an API key and secret to make authenticated calls.
[2025-08-21T23:38:40.122Z] ❌ Error verificando/cerrando TP: fetch failed
[2025-08-21T23:38:47.270Z] ❌ Error al verificar posición abierta: Timestamp for this request is outside of the recvWindow.
[2025-08-21T23:38:47.325Z] ❌ Error verificando/cerrando TP: Timestamp for this request is outside of the recvWindow.
[2025-08-21T23:39:10.523Z] ❌ Error verificando/cerrando TP: fetch failed
[2025-08-21T23:39:17.277Z] ❌ Error verificando/cerrando TP: Timestamp for this request is outside of the recvWindow.
[2025-08-21T23:39:18.241Z] ❌ Error al verificar posición abierta: Timestamp for this request is outside of the recvWindow.
[2025-08-21T23:47:37.889Z] ❌ Error verificando/cerrando TP: Timestamp for this request is outside of the recvWindow.
[2025-08-22T00:00:50.518Z] ❌ Error verificando/cerrando TP: fetch failed
[2025-08-22T00:25:50.027Z] ❌ Error verificando/cerrando TP: fetch failed
[2025-08-22T00:25:50.029Z] ❌ Error al verificar posición abierta: fetch failed
[2025-08-22T00:25:50.030Z] ❌ Error al verificar posición abierta: fetch failed
[2025-08-22T00:25:50.525Z] ❌ Error verificando/cerrando TP: fetch failed
[2025-08-22T00:55:37.161Z] ❌ Error al verificar posición abierta: Timestamp for this request is outside of the recvWindow.
[2025-08-22T00:55:37.717Z] ❌ Error verificando/cerrando TP: Timestamp for this request is outside of the recvWindow.
[2025-08-22T01:03:30.514Z] ❌ Error verificando/cerrando TP: fetch failed
[2025-08-22T01:03:40.538Z] ❌ Error verificando/cerrando TP: fetch failed
[2025-08-22T01:03:41.038Z] ❌ Error al verificar posición abierta: fetch failed
[2025-08-22T01:03:50.064Z] ❌ Error verificando/cerrando TP: fetch failed
[2025-08-22T01:03:51.062Z] ❌ Error al verificar posición abierta: fetch failed
[2025-08-22T01:03:51.563Z] ❌ Error al verificar posición abierta: fetch failed
[2025-08-22T01:04:00.064Z] ❌ Error verificando/cerrando TP: fetch failed
[2025-08-22T01:04:00.565Z] ❌ Error al verificar posición abierta: fetch failed
[2025-08-22T01:04:01.564Z] ❌ Error al verificar posición abierta: fetch failed
[2025-08-22T01:04:10.065Z] ❌ Error verificando/cerrando TP: fetch failed
[2025-08-22T01:04:10.563Z] ❌ Error al verificar posición abierta: fetch failed
[2025-08-22T01:04:11.063Z] ❌ Error al verificar posición abierta: fetch failed
[2025-08-22T01:04:20.067Z] ❌ Error verificando/cerrando TP: fetch failed
[2025-08-22T01:04:20.566Z] ❌ Error al verificar posición abierta: fetch failed
[2025-08-22T01:04:21.065Z] ❌ Error al verificar posición abierta: fetch failed
[2025-08-22T01:04:30.079Z] ❌ Error verificando/cerrando TP: fetch failed
[2025-08-22T01:04:30.580Z] ❌ Error al verificar posición abierta: fetch failed
[2025-08-22T01:04:31.080Z] ❌ Error al verificar posición abierta: fetch failed
[2025-08-22T01:04:35.322Z] ❌ Error al verificar posición abierta: Timestamp for this request is outside of the recvWindow.
[2025-08-22T01:04:35.398Z] ❌ Error verificando/cerrando TP: Timestamp for this request is outside of the recvWindow.
[2025-08-22T01:05:20.020Z] ❌ Error verificando/cerrando TP: fetch failed
[2025-08-22T01:05:30.026Z] ❌ Error verificando/cerrando TP: fetch failed
[2025-08-22T01:05:30.527Z] ❌ Error al verificar posición abierta: fetch failed
[2025-08-22T01:05:40.028Z] ❌ Error verificando/cerrando TP: fetch failed
[2025-08-22T01:15:57.556Z] ❌ Error verificando/cerrando TP: Timestamp for this request is outside of the recvWindow.
[2025-08-22T01:16:07.964Z] ❌ Error verificando/cerrando TP: Timestamp for this request is outside of the recvWindow.
[2025-08-22T01:28:30.525Z] ❌ Error verificando/cerrando TP: fetch failed
[2025-08-22T01:28:38.067Z] ❌ Error al verificar posición abierta: Timestamp for this request is outside of the recvWindow.
[2025-08-22T01:28:38.370Z] ❌ Error verificando/cerrando TP: Timestamp for this request is outside of the recvWindow.
[2025-08-22T01:29:35.170Z] ❌ Error verificando/cerrando TP: fetch failed
[2025-08-22T01:53:30.631Z] ❌ Error ejecutando orden LONG: Leverage 100 is not valid
[2025-08-22T01:53:49.251Z] ❌ Error ejecutando orden LONG: Leverage 100 is not valid
[2025-08-22T01:54:08.013Z] 🔔 Ejecutando LONG XRPUSDT qty=393327.7 @ ~2.859
[2025-08-22T01:54:08.213Z] ❌ Error ejecutando orden LONG: Exceeded the maximum allowable position at current leverage.
[2025-08-22T01:54:19.715Z] 🔔 Ejecutando LONG XRPUSDT qty=393410.2 @ ~2.8584
[2025-08-22T01:54:20.240Z] ❌ Error ejecutando orden LONG: Exceeded the maximum allowable position at current leverage.
[2025-08-22T01:54:34.766Z] 🔔 Ejecutando LONG XRPUSDT qty=393437.7 @ ~2.8582
[2025-08-22T01:54:34.967Z] ❌ Error ejecutando orden LONG: Exceeded the maximum allowable position at current leverage.
[2025-08-22T01:54:48.238Z] 🔔 Ejecutando LONG XRPUSDT qty=393438.6 @ ~2.85819379
[2025-08-22T01:54:48.862Z] ❌ Error ejecutando orden LONG: Exceeded the maximum allowable position at current leverage.
[2025-08-22T01:55:04.543Z] 🔔 Ejecutando LONG XRPUSDT qty=393547.9 @ ~2.8574
[2025-08-22T01:55:04.733Z] ❌ Error ejecutando orden LONG: Exceeded the maximum allowable position at current leverage.
[2025-08-22T01:55:18.978Z] 🔔 Ejecutando LONG XRPUSDT qty=393355.2 @ ~2.8588
[2025-08-22T01:55:19.497Z] ❌ Error ejecutando orden LONG: Exceeded the maximum allowable position at current leverage.
[2025-08-22T01:55:33.659Z] 🔔 Ejecutando LONG XRPUSDT qty=393267.6 @ ~2.85943646
[2025-08-22T01:55:33.857Z] ❌ Error ejecutando orden LONG: Exceeded the maximum allowable position at current leverage.
[2025-08-22T01:55:49.501Z] 🔔 Ejecutando LONG XRPUSDT qty=393264.4 @ ~2.85945996
[2025-08-22T01:55:50.023Z] ❌ Error ejecutando orden LONG: Exceeded the maximum allowable position at current leverage.
[2025-08-22T01:56:05.049Z] 🔔 Ejecutando LONG XRPUSDT qty=393333.9 @ ~2.85895442
[2025-08-22T01:56:05.245Z] ❌ Error ejecutando orden LONG: Exceeded the maximum allowable position at current leverage.
[2025-08-22T01:56:19.711Z] 🔔 Ejecutando LONG XRPUSDT qty=393589.2 @ ~2.8571
[2025-08-22T01:56:20.240Z] ❌ Error ejecutando orden LONG: Exceeded the maximum allowable position at current leverage.
[2025-08-22T01:56:35.191Z] 🔔 Ejecutando LONG XRPUSDT qty=393422.9 @ ~2.85830792
[2025-08-22T01:56:35.720Z] ❌ Error ejecutando orden LONG: Exceeded the maximum allowable position at current leverage.
[2025-08-22T01:56:50.211Z] 🔔 Ejecutando LONG XRPUSDT qty=393341.4 @ ~2.8589
[2025-08-22T01:56:50.730Z] ❌ Error ejecutando orden LONG: Exceeded the maximum allowable position at current leverage.
[2025-08-22T01:57:04.548Z] 🔔 Ejecutando LONG XRPUSDT qty=393272.6 @ ~2.8594
[2025-08-22T01:57:04.741Z] ❌ Error ejecutando orden LONG: Exceeded the maximum allowable position at current leverage.
[2025-08-22T01:57:19.513Z] 🔔 Ejecutando LONG XRPUSDT qty=393231.4 @ ~2.8597
[2025-08-22T01:57:19.702Z] ❌ Error ejecutando orden LONG: Exceeded the maximum allowable position at current leverage.
[2025-08-22T01:57:33.741Z] 🔔 Ejecutando LONG XRPUSDT qty=393286.4 @ ~2.8593
[2025-08-22T01:57:34.253Z] ❌ Error ejecutando orden LONG: Exceeded the maximum allowable position at current leverage.
[2025-08-22T01:57:49.458Z] 🔔 Ejecutando LONG XRPUSDT qty=393361.8 @ ~2.85875208
[2025-08-22T01:57:49.984Z] ❌ Error ejecutando orden LONG: Exceeded the maximum allowable position at current leverage.
[2025-08-22T01:58:04.590Z] 🔔 Ejecutando LONG XRPUSDT qty=393313.9 @ ~2.8591
[2025-08-22T01:58:04.784Z] ❌ Error ejecutando orden LONG: Exceeded the maximum allowable position at current leverage.
[2025-08-22T01:58:46.906Z] 🔔 Ejecutando LONG XRPUSDT qty=393547.9 @ ~2.8574
[2025-08-22T01:58:47.100Z] ❌ Error ejecutando orden LONG: Exceeded the maximum allowable position at current leverage.
[2025-08-22T01:58:57.572Z] 🔔 Ejecutando LONG XRPUSDT qty=393506.6 @ ~2.85769958
[2025-08-22T01:58:57.762Z] ❌ Error ejecutando orden LONG: Exceeded the maximum allowable position at current leverage.
[2025-08-22T01:59:05.077Z] 🔔 Ejecutando LONG XRPUSDT qty=385671.3 @ ~2.85744208
[2025-08-22T01:59:05.604Z] ❌ Error ejecutando orden LONG: Exceeded the maximum allowable position at current leverage.
[2025-08-22T01:59:18.513Z] 🔔 Ejecutando LONG XRPUSDT qty=354242.7 @ ~2.857
[2025-08-22T01:59:18.709Z] ❌ Error ejecutando orden LONG: Exceeded the maximum allowable position at current leverage.
[2025-08-22T01:59:29.455Z] 🔔 Ejecutando LONG XRPUSDT qty=314882.4 @ ~2.857
[2025-08-22T01:59:30.057Z] ❌ Error ejecutando orden LONG: Exceeded the maximum allowable position at current leverage.
[2025-08-22T01:59:38.254Z] 🔔 Ejecutando LONG XRPUSDT qty=78720.6 @ ~2.857
[2025-08-22T01:59:38.864Z] ❌ Error ejecutando orden LONG: Exceeded the maximum allowable position at current leverage.
[2025-08-22T01:59:47.732Z] 🔔 Ejecutando LONG XRPUSDT qty=39358.8 @ ~2.85710819
[2025-08-22T01:59:47.927Z] ❌ Error ejecutando orden LONG: Exceeded the maximum allowable position at current leverage.
[2025-08-22T02:00:03.165Z] 🔔 Ejecutando LONG XRPUSDT qty=35423 @ ~2.8571
[2025-08-22T02:00:03.702Z] ❌ Error ejecutando orden LONG: Exceeded the maximum allowable position at current leverage.
[2025-08-22T02:00:15.952Z] 🔔 Ejecutando LONG XRPUSDT qty=354191.3 @ ~2.85741454
[2025-08-22T02:00:16.153Z] ❌ Error ejecutando orden LONG: Exceeded the maximum allowable position at current leverage.
[2025-08-22T02:00:35.112Z] 🔔 Ejecutando LONG XRPUSDT qty=354524.8 @ ~2.85472675
[2025-08-22T02:00:35.301Z] ❌ Error ejecutando orden LONG: Exceeded the maximum allowable position at current leverage.
[2025-08-22T02:00:47.772Z] 🔔 Ejecutando LONG XRPUSDT qty=354534.9 @ ~2.85464544
[2025-08-22T02:00:48.300Z] ❌ Error ejecutando orden LONG: Exceeded the maximum allowable position at current leverage.
[2025-08-22T02:01:04.047Z] 🔔 Ejecutando LONG XRPUSDT qty=354639.9 @ ~2.8538
[2025-08-22T02:01:04.244Z] ❌ Error ejecutando orden LONG: Exceeded the maximum allowable position at current leverage.
[2025-08-22T02:01:27.742Z] 🔔 Ejecutando LONG XRPUSDT qty=354884.2 @ ~2.85183529
[2025-08-22T02:01:28.273Z] ❌ Error ejecutando orden LONG: Exceeded the maximum allowable position at current leverage.
[2025-08-22T02:01:33.548Z] 🔔 Ejecutando LONG XRPUSDT qty=354888.6 @ ~2.8518
[2025-08-22T02:01:33.742Z] ❌ Error ejecutando orden LONG: Exceeded the maximum allowable position at current leverage.
[2025-08-22T02:01:48.294Z] 🔔 Ejecutando LONG XRPUSDT qty=354751.8 @ ~2.8529
[2025-08-22T02:01:48.488Z] ❌ Error ejecutando orden LONG: Exceeded the maximum allowable position at current leverage.
[2025-08-22T02:02:03.458Z] 🔔 Ejecutando LONG XRPUSDT qty=354515.7 @ ~2.8548
[2025-08-22T02:02:03.655Z] ❌ Error ejecutando orden LONG: Exceeded the maximum allowable position at current leverage.
[2025-08-22T02:02:18.862Z] 🔔 Ejecutando LONG XRPUSDT qty=354428.8 @ ~2.8555
[2025-08-22T02:02:19.410Z] ❌ Error ejecutando orden LONG: Exceeded the maximum allowable position at current leverage.
[2025-08-22T02:02:34.658Z] 🔔 Ejecutando LONG XRPUSDT qty=354329.5 @ ~2.8563
[2025-08-22T02:02:34.850Z] ❌ Error ejecutando orden LONG: Exceeded the maximum allowable position at current leverage.
[2025-08-22T02:02:45.820Z] 🔔 Ejecutando LONG XRPUSDT qty=10000 @ ~2.85763829
[2025-08-22T02:02:46.021Z] ❌ Error ejecutando orden LONG: Exceeded the maximum allowable position at current leverage.
[2025-08-22T02:03:04.106Z] 🔔 Ejecutando LONG XRPUSDT qty=10000 @ ~2.85835708
[2025-08-22T02:03:04.302Z] ❌ Error ejecutando orden LONG: Exceeded the maximum allowable position at current leverage.
[2025-08-22T02:03:21.362Z] 🔔 Ejecutando LONG XRPUSDT qty=10000 @ ~2.8588
[2025-08-22T02:03:21.884Z] ❌ Error ejecutando orden LONG: Exceeded the maximum allowable position at current leverage.
[2025-08-22T02:03:34.247Z] 🔔 Ejecutando LONG XRPUSDT qty=10000 @ ~2.860562
[2025-08-22T02:03:34.439Z] ❌ Error ejecutando orden LONG: Exceeded the maximum allowable position at current leverage.
[2025-08-22T02:03:38.888Z] 🔔 Ejecutando LONG XRPUSDT qty=353829 @ ~2.86034038
[2025-08-22T02:03:39.474Z] ❌ Error ejecutando orden LONG: Exceeded the maximum allowable position at current leverage.
[2025-08-22T02:03:49.304Z] 🔔 Ejecutando LONG XRPUSDT qty=353811.1 @ ~2.86048529
[2025-08-22T02:03:49.824Z] ❌ Error ejecutando orden LONG: Exceeded the maximum allowable position at current leverage.
[2025-08-22T02:03:54.461Z] 🔔 Ejecutando LONG XRPUSDT qty=10000 @ ~2.86042679
[2025-08-22T02:03:54.660Z] ❌ Error ejecutando orden LONG: Exceeded the maximum allowable position at current leverage.
[2025-08-22T02:04:05.630Z] 🔔 Ejecutando LONG XRPUSDT qty=1000 @ ~2.86015496
[2025-08-22T02:04:06.733Z] ✅ LONG ejecutada a 2.86052 | SL=2.8232
[2025-08-22T02:05:04.271Z] 🔔 Ejecutando LONG XRPUSDT qty=1000 @ ~2.8605
[2025-08-22T02:05:04.701Z] ✅ LONG ejecutada a 2.8595 | SL=2.8222
[2025-08-22T02:09:04.592Z] 🔔 Ejecutando LONG XRPUSDT qty=100 @ ~2.86535358
[2025-08-22T02:09:04.989Z] ✅ LONG ejecutada a 2.8645 | SL=2.8271
[2025-08-22T05:09:06.151Z] 🔔 Ejecutando LONG XRPUSDT qty=733.2 @ ~2.86199281
[2025-08-22T05:09:06.343Z] ❌ Error ejecutando orden LONG: Margin is insufficient.
[2025-08-22T05:09:16.885Z] 🔔 Ejecutando LONG XRPUSDT qty=733.2 @ ~2.86182557
[2025-08-22T05:09:17.083Z] ❌ Error ejecutando orden LONG: Margin is insufficient.
[2025-08-22T05:09:31.736Z] 🔔 Ejecutando LONG XRPUSDT qty=733.6 @ ~2.86028015
[2025-08-22T05:09:31.934Z] ❌ Error ejecutando orden LONG: Margin is insufficient.
[2025-08-22T05:09:46.991Z] 🔔 Ejecutando LONG XRPUSDT qty=734 @ ~2.85882154
[2025-08-22T05:09:47.179Z] ❌ Error ejecutando orden LONG: Margin is insufficient.
[2025-08-22T05:09:53.034Z] 🔔 Ejecutando LONG XRPUSDT qty=733.7 @ ~2.86
[2025-08-22T05:09:53.234Z] ❌ Error ejecutando orden LONG: Margin is insufficient.
[2025-08-22T05:10:01.813Z] 🔔 Ejecutando LONG XRPUSDT qty=733.8 @ ~2.85971829
[2025-08-22T05:10:02.016Z] ❌ Error ejecutando orden LONG: Margin is insufficient.
[2025-08-22T05:10:16.876Z] 🔔 Ejecutando LONG XRPUSDT qty=733.8 @ ~2.8594
[2025-08-22T05:10:17.064Z] ❌ Error ejecutando orden LONG: Margin is insufficient.
[2025-08-22T05:10:38.970Z] 🔔 Ejecutando LONG XRPUSDT qty=733.5 @ ~2.86062908
[2025-08-22T05:10:39.169Z] ❌ Error ejecutando orden LONG: Margin is insufficient.
[2025-08-22T05:10:46.952Z] 🔔 Ejecutando LONG XRPUSDT qty=733.4 @ ~2.8612
[2025-08-22T05:10:47.148Z] ❌ Error ejecutando orden LONG: Margin is insufficient.
[2025-08-22T05:11:01.821Z] 🔔 Ejecutando LONG XRPUSDT qty=733.6 @ ~2.8605
[2025-08-22T05:11:02.010Z] ❌ Error ejecutando orden LONG: Margin is insufficient.
[2025-08-22T05:11:16.755Z] 🔔 Ejecutando LONG XRPUSDT qty=733.3 @ ~2.86151825
[2025-08-22T05:11:16.947Z] ❌ Error ejecutando orden LONG: Margin is insufficient.
[2025-08-22T05:11:31.918Z] 🔔 Ejecutando LONG XRPUSDT qty=733.1 @ ~2.8625
[2025-08-22T05:11:32.115Z] ❌ Error ejecutando orden LONG: Margin is insufficient.
[2025-08-22T05:11:46.732Z] 🔔 Ejecutando LONG XRPUSDT qty=733.1 @ ~2.86213811
[2025-08-22T05:11:46.926Z] ❌ Error ejecutando orden LONG: Margin is insufficient.
[2025-08-22T05:12:01.738Z] 🔔 Ejecutando LONG XRPUSDT qty=732.9 @ ~2.8632
[2025-08-22T05:12:01.932Z] ❌ Error ejecutando orden LONG: Margin is insufficient.
[2025-08-22T05:12:10.770Z] 🔔 Ejecutando LONG XRPUSDT qty=733 @ ~2.86281246
[2025-08-22T05:12:10.967Z] ❌ Error ejecutando orden LONG: Margin is insufficient.
[2025-08-22T05:12:16.986Z] 🔔 Ejecutando LONG XRPUSDT qty=732.8 @ ~2.8634
[2025-08-22T05:12:17.178Z] ❌ Error ejecutando orden LONG: Margin is insufficient.
[2025-08-22T05:12:24.502Z] 🔔 Ejecutando LONG XRPUSDT qty=659.6 @ ~2.86298798
[2025-08-22T05:12:24.706Z] ❌ Error ejecutando orden LONG: Margin is insufficient.
[2025-08-22T05:12:33.717Z] 🔔 Ejecutando LONG XRPUSDT qty=659.5 @ ~2.8634
[2025-08-22T05:12:33.914Z] ❌ Error ejecutando orden LONG: Margin is insufficient.
[2025-08-22T05:12:46.747Z] 🔔 Ejecutando LONG XRPUSDT qty=659.4 @ ~2.8638
[2025-08-22T05:12:46.937Z] ❌ Error ejecutando orden LONG: Margin is insufficient.
[2025-08-22T05:12:53.937Z] 🔔 Ejecutando LONG XRPUSDT qty=659.4 @ ~2.86382092
[2025-08-22T05:12:54.128Z] ❌ Error ejecutando orden LONG: Margin is insufficient.
[2025-08-22T05:13:01.763Z] 🔔 Ejecutando LONG XRPUSDT qty=659.4 @ ~2.86383592
[2025-08-22T05:13:01.956Z] ❌ Error ejecutando orden LONG: Margin is insufficient.
[2025-08-22T05:13:16.827Z] 🔔 Ejecutando LONG XRPUSDT qty=659.9 @ ~2.86190952
[2025-08-22T05:13:17.021Z] ❌ Error ejecutando orden LONG: Margin is insufficient.
[2025-08-22T05:13:31.732Z] 🔔 Ejecutando LONG XRPUSDT qty=659.9 @ ~2.8617
[2025-08-22T05:13:31.923Z] ❌ Error ejecutando orden LONG: Margin is insufficient.
[2025-08-22T05:13:47.270Z] 🔔 Ejecutando LONG XRPUSDT qty=659.9 @ ~2.862
[2025-08-22T05:13:47.458Z] ❌ Error ejecutando orden LONG: Margin is insufficient.
[2025-08-22T05:14:01.878Z] 🔔 Ejecutando LONG XRPUSDT qty=659.8 @ ~2.8622
[2025-08-22T05:14:02.070Z] ❌ Error ejecutando orden LONG: Margin is insufficient.
[2025-08-22T05:14:17.126Z] 🔔 Ejecutando LONG XRPUSDT qty=659.8 @ ~2.8624
[2025-08-22T05:14:17.320Z] ❌ Error ejecutando orden LONG: Margin is insufficient.
[2025-08-22T05:14:31.887Z] 🔔 Ejecutando LONG XRPUSDT qty=659.7 @ ~2.86259961
[2025-08-22T05:14:32.080Z] ❌ Error ejecutando orden LONG: Margin is insufficient.
[2025-08-22T05:14:46.904Z] 🔔 Ejecutando LONG XRPUSDT qty=659.7 @ ~2.8628
[2025-08-22T05:14:47.102Z] ❌ Error ejecutando orden LONG: Margin is insufficient.
[2025-08-22T05:15:02.430Z] 🔔 Ejecutando LONG XRPUSDT qty=659.7 @ ~2.86272921
[2025-08-22T05:15:02.624Z] ❌ Error ejecutando orden LONG: Margin is insufficient.
[2025-08-22T05:15:16.764Z] 🔔 Ejecutando LONG XRPUSDT qty=659.8 @ ~2.8622
[2025-08-22T05:15:16.955Z] ❌ Error ejecutando orden LONG: Margin is insufficient.
[2025-08-22T05:15:31.920Z] 🔔 Ejecutando LONG XRPUSDT qty=659.7 @ ~2.86284737
[2025-08-22T05:15:32.119Z] ❌ Error ejecutando orden LONG: Margin is insufficient.
[2025-08-22T05:15:46.701Z] 🔔 Ejecutando LONG XRPUSDT qty=659.7 @ ~2.86261061
[2025-08-22T05:15:46.891Z] ❌ Error ejecutando orden LONG: Margin is insufficient.
[2025-08-22T05:16:01.699Z] 🔔 Ejecutando LONG XRPUSDT qty=660.1 @ ~2.86099294
[2025-08-22T05:16:01.889Z] ❌ Error ejecutando orden LONG: Margin is insufficient.
[2025-08-22T05:16:16.765Z] 🔔 Ejecutando LONG XRPUSDT qty=660.1 @ ~2.8609
[2025-08-22T05:16:16.958Z] ❌ Error ejecutando orden LONG: Margin is insufficient.
[2025-08-22T05:16:31.720Z] 🔔 Ejecutando LONG XRPUSDT qty=659.7 @ ~2.86276355
[2025-08-22T05:16:31.915Z] ❌ Error ejecutando orden LONG: Margin is insufficient.
[2025-08-22T05:16:47.089Z] 🔔 Ejecutando LONG XRPUSDT qty=659.7 @ ~2.8626
[2025-08-22T05:16:47.277Z] ❌ Error ejecutando orden LONG: Margin is insufficient.
[2025-08-22T05:17:01.732Z] 🔔 Ejecutando LONG XRPUSDT qty=659.8 @ ~2.8623
[2025-08-22T05:17:01.925Z] ❌ Error ejecutando orden LONG: Margin is insufficient.
[2025-08-22T05:17:16.968Z] 🔔 Ejecutando LONG XRPUSDT qty=660 @ ~2.8613982
[2025-08-22T05:17:17.163Z] ❌ Error ejecutando orden LONG: Margin is insufficient.
[2025-08-22T05:17:31.753Z] 🔔 Ejecutando LONG XRPUSDT qty=660.1 @ ~2.8611
[2025-08-22T05:17:31.949Z] ❌ Error ejecutando orden LONG: Margin is insufficient.
[2025-08-22T05:17:46.733Z] 🔔 Ejecutando LONG XRPUSDT qty=660.3 @ ~2.85988276
[2025-08-22T05:17:46.923Z] ❌ Error ejecutando orden LONG: Margin is insufficient.
[2025-08-22T05:18:01.732Z] 🔔 Ejecutando LONG XRPUSDT qty=660.1 @ ~2.861
[2025-08-22T05:18:01.922Z] ❌ Error ejecutando orden LONG: Margin is insufficient.
[2025-08-22T05:18:16.799Z] 🔔 Ejecutando LONG XRPUSDT qty=660.1 @ ~2.8609
[2025-08-22T05:18:16.992Z] ❌ Error ejecutando orden LONG: Margin is insufficient.
[2025-08-22T05:18:31.736Z] 🔔 Ejecutando LONG XRPUSDT qty=660.2 @ ~2.8605
[2025-08-22T05:18:31.930Z] ❌ Error ejecutando orden LONG: Margin is insufficient.
[2025-08-22T05:18:46.690Z] 🔔 Ejecutando LONG XRPUSDT qty=660.2 @ ~2.8605
[2025-08-22T05:18:46.885Z] ❌ Error ejecutando orden LONG: Margin is insufficient.
[2025-08-22T05:19:01.767Z] 🔔 Ejecutando LONG XRPUSDT qty=660.2 @ ~2.86051947
[2025-08-22T05:19:01.958Z] ❌ Error ejecutando orden LONG: Margin is insufficient.
[2025-08-22T05:19:16.878Z] 🔔 Ejecutando LONG XRPUSDT qty=660.4 @ ~2.85980075
[2025-08-22T05:19:17.261Z] ✅ LONG ejecutada a 2.8585 | SL=2.8307
[2025-08-22T05:24:02.139Z] 🔔 Ejecutando LONG XRPUSDT qty=622.6 @ ~2.8593
[2025-08-22T05:24:02.604Z] ✅ LONG ejecutada a 2.8589 | SL=2.8311
[2025-08-22T05:28:01.959Z] 🔔 Ejecutando LONG XRPUSDT qty=584.5 @ ~2.85943592
[2025-08-22T05:28:02.348Z] ✅ LONG ejecutada a 2.8594 | SL=2.8316
[2025-08-22T05:42:23.231Z] 🔔 Ejecutando LONG XRPUSDT qty=531.7 @ ~2.8576
[2025-08-22T05:42:23.837Z] ✅ LONG ejecutada a 2.8571 | SL=2.845
[2025-08-22T06:05:31.954Z] 🔔 Ejecutando SHORT XRPUSDT qty=651.2 @ ~2.8622
[2025-08-22T06:05:32.149Z] ❌ Error ejecutando SHORT: Margin is insufficient.
[2025-08-27T18:50:10.538Z] ❌ Error verificando/cerrando TP: fetch failed
[2025-08-27T18:50:21.042Z] ❌ Error al verificar posición abierta: fetch failed
[2025-08-27T18:50:37.005Z] ❌ Error verificando/cerrando TP: fetch failed
[2025-08-27T18:50:37.028Z] ❌ Error al verificar posición abierta: fetch failed
[2025-08-27T18:50:40.340Z] ❌ Error verificando/cerrando TP: fetch failed
[2025-08-27T18:50:40.344Z] ❌ Error al verificar posición abierta: fetch failed
[2025-08-27T21:02:42.491Z] ❌ Error verificando/cerrando TP: fetch failed
[2025-08-27T21:03:03.336Z] ❌ Error al verificar posición abierta: fetch failed
[2025-08-27T21:03:03.339Z] ❌ Error verificando/cerrando TP: fetch failed
[2025-08-27T21:03:03.342Z] ❌ Error al verificar posición abierta: fetch failed
